../src/DrawLine.c:62:6:spiwrite	24	static
../src/DrawLine.c:78:6:writecommand	16	static
../src/DrawLine.c:88:6:writedata	16	static
../src/DrawLine.c:98:6:writeword	24	static
../src/DrawLine.c:114:6:write888	24	static
../src/DrawLine.c:140:6:setAddrWindow	24	static
../src/DrawLine.c:158:6:fillrect	32	static
../src/DrawLine.c:178:6:lcddelay	24	static
../src/DrawLine.c:191:6:lcd_init	16	static
../src/DrawLine.c:231:6:drawPixel	16	static
../src/DrawLine.c:262:6:drawLine	40	static
../src/DrawLine.c:340:6:drawTrees	80	static
../src/DrawLine.c:359:6:ScreenSaver	136	static
../src/DrawLine.c:424:25:world_to_viewer_coord	120	static
../src/DrawLine.c:451:6:draw_coordinates	80	static
../src/DrawLine.c:475:6:draw_cube	120	static
../src/DrawLine.c:522:6:draw_sphere	3600	static
../src/DrawLine.c:601:5:create_color	32	static
../src/DrawLine.c:606:5:round	24	static
../src/DrawLine.c:617:6:draw_HorizontalLine	40	static
../src/DrawLine.c:625:8:calculate_intensity	48	static
../src/DrawLine.c:633:6:fill_Triangle	56	static
../src/DrawLine.c:680:6:drawLineDDA	72	static
../src/DrawLine.c:711:6:diffused_reflection	216	static
../src/DrawLine.c:801:6:shadow	168	static
../src/DrawLine.c:854:7:rotate_point	64	static
../src/DrawLine.c:872:6:tree_branch_3D	104	static
../src/DrawLine.c:903:6:tree_stem_3D	56	static
../src/DrawLine.c:912:6:draw_S	216	static
../src/DrawLine.c:970:6:operations	280	static
../src/DrawLine.c:1076:5:main	16	static
